[kstuff]
Launch=Meta+K,Meta+K,Launch

[services][org.kde.foo.desktop]
_launch=none

[org.kde.bar.desktop]
DoSomething=Meta+X,Meta+X,Do Something
