[kstuff]
Launch=Meta+K,Meta+K,Launch

[services][org.kde.test.desktop]
_launch=Meta+Y

[org.kde.bar.desktop]
DoSomething=Meta+Z,Meta+X,Do Something
