[kstuff]
Launch=Meta+K,Meta+K,Launch

[org.kde.buf.desktop]
_launch=none,Meta+P,Foo

[org.kde.bar.desktop]
DoSomething=Meta+X,Meta+X,Do Something
