[kstuff]
Launch=Meta+K,Meta+K,Launch

[org.kde.foo.desktop]
_launch=none,Meta+P,Foo

[org.kde.bar.desktop]
DoSomething=Meta+Z,Meta+X,Do Something
Toggle=Meta+Y,none,Toggle
